--------------------------------------------------------------------------------
Release 14.7 Trace  (nt64)
Copyright (c) 1995-2013 Xilinx, Inc.  All rights reserved.

D:\Xilinx\14.7\14.7\ISE_DS\ISE\bin\nt64\unwrapped\trce.exe -intstyle ise -v 3
-s 2 -n 3 -fastpaths -xml Top.twx Top.ncd -o Top.twr Top.pcf -ucf Top.ucf

Design file:              Top.ncd
Physical constraint file: Top.pcf
Device,package,speed:     xc7z010,clg400,C,-2 (PRODUCTION 1.08 2013-10-13)
Report level:             verbose report

Environment Variable      Effect 
--------------------      ------ 
NONE                      No environment variables were set
--------------------------------------------------------------------------------

INFO:Timing:2698 - No timing constraints found, doing default enumeration.
INFO:Timing:3412 - To improve timing, see the Timing Closure User Guide (UG612).
INFO:Timing:2752 - To get complete path coverage, use the unconstrained paths 
   option. All paths that are not constrained will be reported in the 
   unconstrained paths section(s) of the report.
INFO:Timing:3339 - The clock-to-out numbers in this timing report are based on 
   a 50 Ohm transmission line loading model.  For the details of this model, 
   and for more information on accounting for different loading conditions, 
   please see the device datasheet.



Data Sheet report:
-----------------
All values displayed in nanoseconds (ns)

Clock CLK_REF to Pad
-------------+-----------------+------------+-----------------+------------+------------------+--------+
             |Max (slowest) clk|  Process   |Min (fastest) clk|  Process   |                  | Clock  |
Destination  |  (edge) to PAD  |   Corner   |  (edge) to PAD  |   Corner   |Internal Clock(s) | Phase  |
-------------+-----------------+------------+-----------------+------------+------------------+--------+
Segment7_0<0>|         5.424(R)|      SLOW  |         1.638(R)|      FAST  |CLK_10M           |   0.000|
Segment7_0<1>|         8.758(R)|      SLOW  |         2.621(R)|      FAST  |CLK_10M           |   0.000|
Segment7_0<2>|         8.702(R)|      SLOW  |         2.499(R)|      FAST  |CLK_10M           |   0.000|
Segment7_0<3>|         8.749(R)|      SLOW  |         2.762(R)|      FAST  |CLK_10M           |   0.000|
Segment7_0<4>|         8.623(R)|      SLOW  |         2.941(R)|      FAST  |CLK_10M           |   0.000|
Segment7_0<5>|         8.521(R)|      SLOW  |         2.835(R)|      FAST  |CLK_10M           |   0.000|
Segment7_0<6>|         8.589(R)|      SLOW  |         2.613(R)|      FAST  |CLK_10M           |   0.000|
Segment7_0<7>|         8.110(R)|      SLOW  |         2.484(R)|      FAST  |CLK_10M           |   0.000|
Segment7_1<0>|         4.918(R)|      SLOW  |         1.332(R)|      FAST  |CLK_10M           |   0.000|
Segment7_1<1>|         8.493(R)|      SLOW  |         2.547(R)|      FAST  |CLK_10M           |   0.000|
Segment7_1<2>|         8.024(R)|      SLOW  |         2.572(R)|      FAST  |CLK_10M           |   0.000|
Segment7_1<3>|         8.342(R)|      SLOW  |         2.693(R)|      FAST  |CLK_10M           |   0.000|
Segment7_1<4>|         8.365(R)|      SLOW  |         2.597(R)|      FAST  |CLK_10M           |   0.000|
Segment7_1<5>|         8.333(R)|      SLOW  |         2.598(R)|      FAST  |CLK_10M           |   0.000|
Segment7_1<6>|         8.788(R)|      SLOW  |         2.752(R)|      FAST  |CLK_10M           |   0.000|
Segment7_1<7>|         8.326(R)|      SLOW  |         2.679(R)|      FAST  |CLK_10M           |   0.000|
-------------+-----------------+------------+-----------------+------------+------------------+--------+

Clock to Setup on destination clock CLK_REF
---------------+---------+---------+---------+---------+
               | Src:Rise| Src:Fall| Src:Rise| Src:Fall|
Source Clock   |Dest:Rise|Dest:Rise|Dest:Fall|Dest:Fall|
---------------+---------+---------+---------+---------+
CLK_REF        |    2.550|         |         |         |
---------------+---------+---------+---------+---------+


Analysis completed Wed Dec 18 02:41:26 2019 
--------------------------------------------------------------------------------

Trace Settings:
-------------------------
Trace Settings 

Peak Memory Usage: 4941 MB



