--------------------------------------------------------------------------------
Release 14.7 Trace  (nt64)
Copyright (c) 1995-2013 Xilinx, Inc.  All rights reserved.

D:\Xilinx\14.7\14.7\ISE_DS\ISE\bin\nt64\unwrapped\trce.exe -intstyle ise -v 3
-s 2 -n 3 -fastpaths -xml Top.twx Top.ncd -o Top.twr Top.pcf -ucf Top.ucf

Design file:              Top.ncd
Physical constraint file: Top.pcf
Device,package,speed:     xc7z010,clg400,C,-2 (PRODUCTION 1.08 2013-10-13)
Report level:             verbose report

Environment Variable      Effect 
--------------------      ------ 
NONE                      No environment variables were set
--------------------------------------------------------------------------------

INFO:Timing:2698 - No timing constraints found, doing default enumeration.
INFO:Timing:3412 - To improve timing, see the Timing Closure User Guide (UG612).
INFO:Timing:2752 - To get complete path coverage, use the unconstrained paths 
   option. All paths that are not constrained will be reported in the 
   unconstrained paths section(s) of the report.
INFO:Timing:3339 - The clock-to-out numbers in this timing report are based on 
   a 50 Ohm transmission line loading model.  For the details of this model, 
   and for more information on accounting for different loading conditions, 
   please see the device datasheet.



Data Sheet report:
-----------------
All values displayed in nanoseconds (ns)

Clock CLK_REF to Pad
-------------+-----------------+------------+-----------------+------------+------------------+--------+
             |Max (slowest) clk|  Process   |Min (fastest) clk|  Process   |                  | Clock  |
Destination  |  (edge) to PAD  |   Corner   |  (edge) to PAD  |   Corner   |Internal Clock(s) | Phase  |
-------------+-----------------+------------+-----------------+------------+------------------+--------+
Segment7_0<0>|         5.583(R)|      SLOW  |         1.725(R)|      FAST  |CLK_10M           |   0.000|
Segment7_0<1>|         7.974(R)|      SLOW  |         2.039(R)|      FAST  |CLK_10M           |   0.000|
Segment7_0<2>|         8.074(R)|      SLOW  |         1.918(R)|      FAST  |CLK_10M           |   0.000|
Segment7_0<3>|         7.804(R)|      SLOW  |         2.225(R)|      FAST  |CLK_10M           |   0.000|
Segment7_0<4>|         7.928(R)|      SLOW  |         2.371(R)|      FAST  |CLK_10M           |   0.000|
Segment7_0<5>|         7.352(R)|      SLOW  |         2.254(R)|      FAST  |CLK_10M           |   0.000|
Segment7_0<6>|         7.528(R)|      SLOW  |         2.008(R)|      FAST  |CLK_10M           |   0.000|
Segment7_0<7>|         7.311(R)|      SLOW  |         1.823(R)|      FAST  |CLK_10M           |   0.000|
Segment7_1<0>|         5.966(R)|      SLOW  |         1.856(R)|      FAST  |CLK_10M           |   0.000|
Segment7_1<1>|         7.197(R)|      SLOW  |         1.953(R)|      FAST  |CLK_10M           |   0.000|
Segment7_1<2>|         7.306(R)|      SLOW  |         1.890(R)|      FAST  |CLK_10M           |   0.000|
Segment7_1<3>|         7.293(R)|      SLOW  |         2.000(R)|      FAST  |CLK_10M           |   0.000|
Segment7_1<4>|         7.456(R)|      SLOW  |         2.201(R)|      FAST  |CLK_10M           |   0.000|
Segment7_1<5>|         7.276(R)|      SLOW  |         1.908(R)|      FAST  |CLK_10M           |   0.000|
Segment7_1<6>|         8.196(R)|      SLOW  |         2.316(R)|      FAST  |CLK_10M           |   0.000|
Segment7_1<7>|         7.235(R)|      SLOW  |         1.922(R)|      FAST  |CLK_10M           |   0.000|
-------------+-----------------+------------+-----------------+------------+------------------+--------+

Clock to Setup on destination clock CLK_REF
---------------+---------+---------+---------+---------+
               | Src:Rise| Src:Fall| Src:Rise| Src:Fall|
Source Clock   |Dest:Rise|Dest:Rise|Dest:Fall|Dest:Fall|
---------------+---------+---------+---------+---------+
CLK_REF        |    2.552|         |         |         |
---------------+---------+---------+---------+---------+


Analysis completed Mon Dec 16 20:42:03 2019 
--------------------------------------------------------------------------------

Trace Settings:
-------------------------
Trace Settings 

Peak Memory Usage: 4941 MB



